D 2026/08/17 12:55:17.312 [ i ] - [ Pro ] Inicio del servicio web [Magna.Cosma.Autotek.TuckerMonitor]
D 2026/08/17 13:42:00.984 [ i ] - [ Pro ] Inicio del servicio web [Magna.Cosma.Autotek.TuckerMonitor]
D 2026/08/17 14:03:33.434 [ i ] - [ Pro ] Inicio del servicio web [Magna.Cosma.Autotek.TuckerMonitor]
D 2026/08/18 08:12:28.835 [ i ] - [ Pro ] Inicio del servicio web [Magna.Cosma.Autotek.TuckerMonitor]
D 2026/08/18 08:18:05.766 [ i ] - [ Pro ] Inicio del servicio web [Magna.Cosma.Autotek.TuckerMonitor]
D 2026/08/18 08:29:55.206 [ i ] - [ Pro ] Inicio del servicio web [Magna.Cosma.Autotek.TuckerMonitor]
D 2026/08/18 08:33:34.942 [ i ] - [ Pro ] Inicio del servicio web [Magna.Cosma.Autotek.TuckerMonitor]
D 2026/08/18 08:37:17.210 [ i ] - [ Pro ] Inicio del servicio web [Magna.Cosma.Autotek.TuckerMonitor]
D 2026/08/18 08:39:55.123 [ i ] - [ Pro ] Inicio del servicio web [Magna.Cosma.Autotek.TuckerMonitor]
D 2026/08/18 09:28:34.776 [ i ] - [ Pro ] Inicio del servicio web [Magna.Cosma.Autotek.TuckerMonitor]
D 2026/08/18 09:31:16.145 [ i ] - [ Pro ] Inicio del servicio web [Magna.Cosma.Autotek.TuckerMonitor]
D 2026/08/18 09:36:20.182 [ i ] - [ Pro ] Inicio del servicio web [Magna.Cosma.Autotek.TuckerMonitor]
D 2026/08/18 09:39:13.740 [ i ] - [ Pro ] Inicio del servicio web [Magna.Cosma.Autotek.TuckerMonitor]
D 2026/08/18 09:41:56.248 [ i ] - [ Pro ] Inicio del servicio web [Magna.Cosma.Autotek.TuckerMonitor]
B 2026/08/18 09:42:02.785 [ e ] - [ Rep ] Error al instanciar RepositorioDB: [Login failed for user 'MAGNA\darijim1'.]
B 2026/08/18 09:42:24.062 [ e ] - [ Rep ] Error al instanciar RepositorioDB: [Login failed for user 'MAGNA\darijim1'.]
B 2026/08/18 09:42:35.477 [ e ] - [ Rep ] Error al instanciar RepositorioDB: [Login failed for user 'MAGNA\darijim1'.]
B 2026/08/18 09:42:39.381 [ e ] - [ Rep ] Error al instanciar RepositorioDB: [Login failed for user 'MAGNA\darijim1'.]
B 2026/08/18 09:42:43.401 [ e ] - [ Rep ] Error al instanciar RepositorioDB: [Login failed for user 'MAGNA\darijim1'.]
D 2026/08/18 09:58:08.282 [ i ] - [ Pro ] Inicio del servicio web [Magna.Cosma.Autotek.TuckerMonitor]
B 2026/08/18 09:58:14.400 [ e ] - [ Rep ] Error al instanciar RepositorioDB: [Login failed for user 'MAGNA\darijim1'.]
D 2026/08/19 11:25:24.724 [ i ] - [ Pro ] Inicio del servicio web [Magna.Cosma.Autotek.TuckerMonitor]
B 2026/08/19 11:25:30.760 [ e ] - [ Rep ] Error al instanciar RepositorioDB: [Login failed for user 'MAGNA\darijim1'.]
D 2026/08/19 11:26:26.241 [ i ] - [ Pro ] Inicio del servicio web [Magna.Cosma.Autotek.TuckerMonitor]
D 2026/08/19 12:04:21.565 [ i ] - [ Pro ] Inicio del servicio web [Magna.Cosma.Autotek.TuckerMonitor]
D 2026/08/19 12:15:04.672 [ i ] - [ Pro ] Inicio del servicio web [Magna.Cosma.Autotek.TuckerMonitor]
D 2026/08/19 12:20:22.910 [ i ] - [ Pro ] Inicio del servicio web [Magna.Cosma.Autotek.TuckerMonitor]
D 2026/08/19 13:31:05.708 [ i ] - [ Pro ] Inicio del servicio web [Magna.Cosma.Autotek.TuckerMonitor]
B 2026/08/19 13:51:38.767 [ e ] - [ Rep ] Error al instanciar RepositorioDB: [Timeout expired.  The timeout period elapsed prior to completion of the operation or the server is not responding.]
D 2026/08/20 08:03:12.830 [ i ] - [ Pro ] Inicio del servicio web [Magna.Cosma.Autotek.TuckerMonitor]
D 2026/08/20 09:11:13.653 [ i ] - [ Rec ] El usuario [MAGNA\darijim1] modificó tolerancias en Máquina ID [4], Salida [1]. Motivo: [Nuevo ajuste]
D 2026/08/21 09:16:18.295 [ i ] - [ Rec ] El usuario [MAGNA\darijim1] modificó tolerancias en Máquina ID [5], Salida [5]. Motivo: [Solo pruebas]
D 2026/08/21 09:28:01.555 [ i ] - [ Seg ] El usuario [MAGNA\darijim1] inició sesión / ingresó a la vista [/logs].
D 2026/08/21 09:28:05.687 [ i ] - [ Seg ] El usuario [MAGNA\darijim1] inició sesión / ingresó a la vista [/recetas/altasrecetas].
D 2026/08/21 09:28:07.853 [ i ] - [ Seg ] El usuario [MAGNA\darijim1] inició sesión / ingresó a la vista [/].
D 2026/08/21 09:28:08.822 [ i ] - [ Seg ] El usuario [MAGNA\darijim1] inició sesión / ingresó a la vista [/recetas/altasrecetas].
D 2026/08/21 09:28:09.973 [ i ] - [ Seg ] El usuario [MAGNA\darijim1] inició sesión / ingresó a la vista [/logs].
D 2026/08/21 09:28:11.345 [ i ] - [ Seg ] El usuario [MAGNA\darijim1] inició sesión / ingresó a la vista [/logs/leercontenidolog].
D 2026/08/21 10:05:25.653 [ i ] - [ Seg ] El usuario [MAGNA\darijim1] inició sesión / ingresó a la vista [/logs].
B 2026/08/21 10:13:44.237 [ e ] - [ Rep ] Error al inicializar RepositorioDB: A network-related or instance-specific error occurred while establishing a connection to SQL Server. The server was not found or was not accessible. Verify that the instance name is correct and that SQL Server is configured to allow remote connections. (provider: SQL Network Interfaces, error: 26 - Error Locating Server/Instance Specified)
D 2026/08/21 10:14:06.794 [ i ] - [ Seg ] El usuario [MAGNA\darijim1] inició sesión / ingresó a la vista [/logs].
D 2026/08/21 10:19:41.791 [ i ] - [ Seg ] El usuario [MAGNA\darijim1] inició sesión / ingresó a la vista [/logs].
D 2026/08/21 10:20:05.874 [ i ] - [ Seg ] El usuario [MAGNA\darijim1] inició sesión / ingresó a la vista [/].
D 2026/08/21 10:20:46.655 [ i ] - [ Seg ] El usuario [MAGNA\darijim1] inició sesión / ingresó a la vista [/].
D 2026/08/21 10:42:39.910 [ i ] - [ Seg ] El usuario [MAGNA\darijim1] inició sesión / ingresó a la vista [/].
D 2026/08/21 10:42:50.344 [ i ] - [ Seg ] El usuario [MAGNA\darijim1] inició sesión / ingresó a la vista [/logs].
D 2026/08/21 10:42:53.212 [ i ] - [ Seg ] El usuario [MAGNA\darijim1] inició sesión / ingresó a la vista [/logs/leercontenidolog].
D 2026/08/21 10:42:53.546 [ i ] - [ Seg ] El usuario [MAGNA\darijim1] inició sesión / ingresó a la vista [/logs/leercontenidolog].
D 2026/08/21 10:43:10.882 [ i ] - [ Seg ] El usuario [MAGNA\darijim1] inició sesión / ingresó a la vista [/].
D 2026/08/21 11:35:26.622 [ i ] - [ Seg ] El usuario [MAGNA\darijim1] inició sesión / ingresó a la vista [/].
D 2026/08/21 11:37:43.708 [ i ] - [ Seg ] El usuario [MAGNA\darijim1] inició sesión / ingresó a la vista [/home/exportarexcel].
D 2026/08/21 11:37:50.876 [ i ] - [ Seg ] El usuario [MAGNA\darijim1] inició sesión / ingresó a la vista [/recetas].
D 2026/08/21 11:38:38.374 [ i ] - [ Seg ] El usuario [MAGNA\darijim1] inició sesión / ingresó a la vista [/recetas/altasrecetas].
D 2026/08/21 11:39:38.703 [ i ] - [ Seg ] El usuario [MAGNA\darijim1] inició sesión / ingresó a la vista [/logs].
D 2026/08/21 11:39:40.370 [ i ] - [ Seg ] El usuario [MAGNA\darijim1] inició sesión / ingresó a la vista [/logs/leercontenidolog].
D 2026/08/21 11:39:48.456 [ i ] - [ Seg ] El usuario [MAGNA\darijim1] inició sesión / ingresó a la vista [/].
B 2026/08/21 12:05:21.925 [ e ] - [ Usu ] Error al asignar nivel a [david.galvan]: An error occurred while saving the entity changes. See the inner exception for details.
D 2026/08/21 12:12:53.266 [ i ] - [ Seg ] El usuario [david.galvan] inició sesión / ingresó a la vista [/].
D 2026/08/21 12:12:56.298 [ i ] - [ Seg ] El usuario [david.galvan] inició sesión / ingresó a la vista [/].
D 2026/08/21 12:13:04.186 [ i ] - [ Seg ] El usuario [david.galvan] inició sesión / ingresó a la vista [/].
B 2026/08/21 12:13:43.979 [ e ] - [ Usu ] Error al asignar nivel a [david.galvan]: An error occurred while saving the entity changes. See the inner exception for details.
D 2026/08/21 12:19:14.529 [ i ] - [ Usu ] El usuario [MAGNA\darijim1] asignó Nivel [20] al colaborador [David Galvan Martinez] (CWID: [david.galvan]).
D 2026/08/21 12:27:15.497 [ i ] - [ Seg ] El usuario [david.galvan] inició sesión / ingresó a la vista [/home].
D 2026/08/21 12:27:26.026 [ i ] - [ Seg ] El usuario [david.galvan] inició sesión / ingresó a la vista [/recetas].
D 2026/08/21 12:27:27.289 [ i ] - [ Seg ] El usuario [david.galvan] inició sesión / ingresó a la vista [/recetas/altasrecetas].
D 2026/08/21 12:27:28.818 [ i ] - [ Seg ] El usuario [david.galvan] inició sesión / ingresó a la vista [/].
D 2026/08/21 12:29:06.920 [ i ] - [ Seg ] El usuario [darijim1] inició sesión / ingresó a la vista [/].
D 2026/08/21 12:29:27.762 [ i ] - [ Seg ] El usuario [darijim1] inició sesión / ingresó a la vista [/].
D 2026/08/21 12:31:07.639 [ i ] - [ Seg ] El usuario [MAGNA\darijim1] inició sesión / ingresó a la vista [/].
D 2026/08/21 12:31:14.108 [ i ] - [ Seg ] El usuario [MAGNA\darijim1] inició sesión / ingresó a la vista [/].
D 2026/08/21 12:31:19.698 [ i ] - [ Seg ] El usuario [MAGNA\darijim1] inició sesión / ingresó a la vista [/].
D 2026/08/21 12:31:25.945 [ i ] - [ Seg ] El usuario [MAGNA\darijim1] inició sesión / ingresó a la vista [/].
D 2026/08/21 12:31:55.033 [ i ] - [ Usu ] El usuario [MAGNA\darijim1] asignó Nivel [30] al colaborador [Darien Edwin Jimenez Gonzaga] (CWID: [darienedwin.jimenez]).
D 2026/08/21 12:32:24.418 [ i ] - [ Seg ] El usuario [MAGNA\darijim1] inició sesión / ingresó a la vista [/].
D 2026/08/21 12:33:21.941 [ i ] - [ Seg ] El usuario [MAGNA\darijim1] inició sesión / ingresó a la vista [/].
D 2026/08/21 12:35:03.931 [ i ] - [ Seg ] El usuario [yaracer1] inició sesión / ingresó a la vista [/].
D 2026/08/21 12:42:05.076 [ i ] - [ Seg ] El usuario [operador_test] inició sesión / ingresó a la vista [/].
D 2026/08/21 12:46:34.046 [ i ] - [ Seg ] El usuario [MAGNA\darijim1] inició sesión / ingresó a la vista [/].
D 2026/08/21 12:50:27.724 [ i ] - [ Seg ] El usuario [darienedwin.jimenez] inició sesión / ingresó a la vista [/].
D 2026/08/21 12:54:18.532 [ i ] - [ Seg ] El usuario [darienedwin.jimenez] inició sesión / ingresó a la vista [/].
D 2026/08/21 12:54:22.877 [ i ] - [ Seg ] El usuario [darienedwin.jimenez] inició sesión / ingresó a la vista [/].
D 2026/08/21 12:54:29.686 [ i ] - [ Seg ] El usuario [darienedwin.jimenez] inició sesión / ingresó a la vista [/].
D 2026/08/21 12:54:30.829 [ i ] - [ Seg ] El usuario [darienedwin.jimenez] inició sesión / ingresó a la vista [/recetas].
D 2026/08/21 12:54:31.632 [ i ] - [ Seg ] El usuario [darienedwin.jimenez] inició sesión / ingresó a la vista [/recetas/altasrecetas].
D 2026/08/21 12:55:33.563 [ i ] - [ Usu ] El usuario [darienedwin.jimenez] asignó Nivel [30] al colaborador [Allan Octavio Castro Cruz] (CWID: [allanoctavio.castro]).
D 2026/08/21 12:56:34.608 [ i ] - [ Seg ] El usuario [MAGNA\darijim1] inició sesión / ingresó a la vista [/].
D 2026/08/21 13:42:07.955 [ i ] - [ Seg ] El usuario [MAGNA\darijim1] inició sesión / ingresó a la vista [/].
D 2026/08/24 08:16:43.256 [ i ] - [ Seg ] El usuario [MAGNA\darijim1] inició sesión / ingresó a la vista [/].
D 2026/08/24 09:23:04.522 [ i ] - [ Seg ] El usuario [MAGNA\darijim1] inició sesión / ingresó a la vista [/logs].
D 2026/08/24 09:23:07.756 [ i ] - [ Seg ] El usuario [MAGNA\darijim1] inició sesión / ingresó a la vista [/logs/leercontenidolog].
D 2026/08/24 09:23:10.339 [ i ] - [ Seg ] El usuario [MAGNA\darijim1] inició sesión / ingresó a la vista [/logs/leercontenidolog].
D 2026/08/24 09:52:09.284 [ i ] - [ Seg ] El usuario [MAGNA\darijim1] inició sesión / ingresó a la vista [/].
D 2026/08/24 09:53:23.791 [ i ] - [ Seg ] El usuario [MAGNA\darijim1] inició sesión / ingresó a la vista [/].
D 2026/08/24 09:55:44.489 [ i ] - [ Seg ] El usuario [MAGNA\darijim1] inició sesión / ingresó a la vista [/].
D 2026/08/24 09:58:33.145 [ i ] - [ Seg ] El usuario [MAGNA\darijim1] inició sesión / ingresó a la vista [/].
D 2026/08/24 09:59:34.880 [ i ] - [ Seg ] El usuario [MAGNA\darijim1] inició sesión / ingresó a la vista [/].
D 2026/08/24 10:01:27.249 [ i ] - [ Seg ] El usuario [MAGNA\darijim1] inició sesión / ingresó a la vista [/].
D 2026/08/24 10:02:31.514 [ i ] - [ Seg ] El usuario [MAGNA\darijim1] inició sesión / ingresó a la vista [/].
D 2026/08/24 10:04:02.748 [ i ] - [ Seg ] El usuario [MAGNA\darijim1] inició sesión / ingresó a la vista [/].
D 2026/08/24 10:05:37.912 [ i ] - [ Seg ] El usuario [MAGNA\darijim1] inició sesión / ingresó a la vista [/].
D 2026/08/24 10:06:37.815 [ i ] - [ Seg ] El usuario [MAGNA\darijim1] inició sesión / ingresó a la vista [/].
D 2026/08/24 10:07:08.518 [ i ] - [ Seg ] El usuario [MAGNA\darijim1] inició sesión / ingresó a la vista [/].
D 2026/08/24 10:07:42.574 [ i ] - [ Seg ] El usuario [MAGNA\darijim1] inició sesión / ingresó a la vista [/].
D 2026/08/24 10:08:22.581 [ i ] - [ Seg ] El usuario [MAGNA\darijim1] inició sesión / ingresó a la vista [/].
D 2026/08/24 10:11:46.120 [ i ] - [ Seg ] El usuario [MAGNA\darijim1] inició sesión / ingresó a la vista [/].
D 2026/08/24 10:13:13.902 [ i ] - [ Seg ] El usuario [MAGNA\darijim1] inició sesión / ingresó a la vista [/recetas].
D 2026/08/24 10:13:19.021 [ i ] - [ Seg ] El usuario [MAGNA\darijim1] inició sesión / ingresó a la vista [/recetas/altasrecetas].
D 2026/08/24 10:13:22.925 [ i ] - [ Seg ] El usuario [MAGNA\darijim1] inició sesión / ingresó a la vista [/recetas].
D 2026/08/24 10:13:25.501 [ i ] - [ Seg ] El usuario [MAGNA\darijim1] inició sesión / ingresó a la vista [/].
D 2026/08/24 10:14:23.496 [ i ] - [ Seg ] El usuario [MAGNA\darijim1] inició sesión / ingresó a la vista [/].
D 2026/08/24 10:14:46.964 [ i ] - [ Seg ] El usuario [MAGNA\darijim1] inició sesión / ingresó a la vista [/recetas].
D 2026/08/24 10:14:51.110 [ i ] - [ Seg ] El usuario [MAGNA\darijim1] inició sesión / ingresó a la vista [/recetas/altasrecetas].
D 2026/08/24 10:14:55.990 [ i ] - [ Seg ] El usuario [MAGNA\darijim1] inició sesión / ingresó a la vista [/recetas].
D 2026/08/24 10:14:57.134 [ i ] - [ Seg ] El usuario [MAGNA\darijim1] inició sesión / ingresó a la vista [/].
D 2026/08/24 10:15:06.650 [ i ] - [ Seg ] El usuario [MAGNA\darijim1] inició sesión / ingresó a la vista [/recetas].
D 2026/08/24 10:17:09.638 [ i ] - [ Seg ] El usuario [MAGNA\darijim1] inició sesión / ingresó a la vista [/recetas].
D 2026/08/24 10:17:13.615 [ i ] - [ Seg ] El usuario [MAGNA\darijim1] inició sesión / ingresó a la vista [/].
D 2026/08/24 10:17:17.405 [ i ] - [ Seg ] El usuario [MAGNA\darijim1] inició sesión / ingresó a la vista [/recetas].
D 2026/08/24 10:17:19.197 [ i ] - [ Seg ] El usuario [MAGNA\darijim1] inició sesión / ingresó a la vista [/recetas].
D 2026/08/24 10:17:22.932 [ i ] - [ Seg ] El usuario [MAGNA\darijim1] inició sesión / ingresó a la vista [/recetas/altasrecetas].
D 2026/08/24 10:17:52.623 [ i ] - [ Seg ] El usuario [MAGNA\darijim1] inició sesión / ingresó a la vista [/recetas].
D 2026/08/24 10:19:28.009 [ i ] - [ Seg ] El usuario [MAGNA\darijim1] inició sesión / ingresó a la vista [/recetas].
D 2026/08/24 10:19:53.413 [ i ] - [ Seg ] El usuario [MAGNA\darijim1] inició sesión / ingresó a la vista [/].
D 2026/08/24 10:19:55.459 [ i ] - [ Seg ] El usuario [MAGNA\darijim1] inició sesión / ingresó a la vista [/recetas].
D 2026/08/24 10:19:56.244 [ i ] - [ Seg ] El usuario [MAGNA\darijim1] inició sesión / ingresó a la vista [/recetas/altasrecetas].
D 2026/08/24 10:20:07.742 [ i ] - [ Seg ] El usuario [MAGNA\darijim1] inició sesión / ingresó a la vista [/].
D 2026/08/24 10:20:10.652 [ i ] - [ Seg ] El usuario [MAGNA\darijim1] inició sesión / ingresó a la vista [/recetas].
D 2026/08/24 10:20:11.691 [ i ] - [ Seg ] El usuario [MAGNA\darijim1] inició sesión / ingresó a la vista [/].
D 2026/08/24 10:20:16.993 [ i ] - [ Seg ] El usuario [MAGNA\darijim1] inició sesión / ingresó a la vista [/recetas].
D 2026/08/24 10:20:17.881 [ i ] - [ Seg ] El usuario [MAGNA\darijim1] inició sesión / ingresó a la vista [/recetas/altasrecetas].
D 2026/08/24 10:20:20.384 [ i ] - [ Seg ] El usuario [MAGNA\darijim1] inició sesión / ingresó a la vista [/logs].
D 2026/08/24 10:20:21.574 [ i ] - [ Seg ] El usuario [MAGNA\darijim1] inició sesión / ingresó a la vista [/].
D 2026/08/24 10:28:45.092 [ i ] - [ Seg ] El usuario [MAGNA\darijim1] inició sesión / ingresó a la vista [/recetas].
D 2026/08/24 10:29:07.121 [ i ] - [ Seg ] El usuario [MAGNA\darijim1] inició sesión / ingresó a la vista [/recetas/altasrecetas].
D 2026/08/24 10:29:13.161 [ i ] - [ Seg ] El usuario [MAGNA\darijim1] inició sesión / ingresó a la vista [/logs].
D 2026/08/24 10:29:16.497 [ i ] - [ Seg ] El usuario [MAGNA\darijim1] inició sesión / ingresó a la vista [/].
D 2026/08/24 10:32:37.552 [ i ] - [ Seg ] El usuario [MAGNA\darijim1] inició sesión / ingresó a la vista [/recetas].
D 2026/08/24 10:32:38.966 [ i ] - [ Seg ] El usuario [MAGNA\darijim1] inició sesión / ingresó a la vista [/recetas/altasrecetas].
D 2026/08/24 10:32:43.254 [ i ] - [ Seg ] El usuario [MAGNA\darijim1] inició sesión / ingresó a la vista [/].
D 2026/08/24 10:33:10.431 [ i ] - [ Seg ] El usuario [MAGNA\darijim1] inició sesión / ingresó a la vista [/recetas].
D 2026/08/24 10:33:13.983 [ i ] - [ Seg ] El usuario [MAGNA\darijim1] inició sesión / ingresó a la vista [/recetas/altasrecetas].
D 2026/08/24 10:33:20.406 [ i ] - [ Seg ] El usuario [MAGNA\darijim1] inició sesión / ingresó a la vista [/logs].
D 2026/08/24 10:33:22.590 [ i ] - [ Seg ] El usuario [MAGNA\darijim1] inició sesión / ingresó a la vista [/].
